###############################################################################
#
# IAR ELF Linker V8.22.1.15669/W32 for ARM                16/Oct/2024  20:49:27
# Copyright 2007-2018 IAR Systems AB.
#
#    Output file  =  C:\Users\pnu8\Desktop\week3\test1\Debug\Exe\test1.out
#    Map file     =  C:\Users\pnu8\Desktop\week3\test1\Debug\List\test1.map
#    Command line =  
#        -f C:\Users\pnu8\AppData\Local\Temp\EW59B8.tmp
#        (C:\Users\pnu8\Desktop\week3\test1\Debug\Obj\main.o
#        C:\Users\pnu8\Desktop\week3\test1\Debug\Obj\misc.o
#        C:\Users\pnu8\Desktop\week3\test1\Debug\Obj\startup_stm32f10x_cl.o
#        C:\Users\pnu8\Desktop\week3\test1\Debug\Obj\stm32f10x_adc.o
#        C:\Users\pnu8\Desktop\week3\test1\Debug\Obj\stm32f10x_bkp.o
#        C:\Users\pnu8\Desktop\week3\test1\Debug\Obj\stm32f10x_can.o
#        C:\Users\pnu8\Desktop\week3\test1\Debug\Obj\stm32f10x_cec.o
#        C:\Users\pnu8\Desktop\week3\test1\Debug\Obj\stm32f10x_crc.o
#        C:\Users\pnu8\Desktop\week3\test1\Debug\Obj\stm32f10x_dac.o
#        C:\Users\pnu8\Desktop\week3\test1\Debug\Obj\stm32f10x_dbgmcu.o
#        C:\Users\pnu8\Desktop\week3\test1\Debug\Obj\stm32f10x_dma.o
#        C:\Users\pnu8\Desktop\week3\test1\Debug\Obj\stm32f10x_exti.o
#        C:\Users\pnu8\Desktop\week3\test1\Debug\Obj\stm32f10x_flash.o
#        C:\Users\pnu8\Desktop\week3\test1\Debug\Obj\stm32f10x_fsmc.o
#        C:\Users\pnu8\Desktop\week3\test1\Debug\Obj\stm32f10x_gpio.o
#        C:\Users\pnu8\Desktop\week3\test1\Debug\Obj\stm32f10x_i2c.o
#        C:\Users\pnu8\Desktop\week3\test1\Debug\Obj\stm32f10x_it.o
#        C:\Users\pnu8\Desktop\week3\test1\Debug\Obj\stm32f10x_iwdg.o
#        C:\Users\pnu8\Desktop\week3\test1\Debug\Obj\stm32f10x_pwr.o
#        C:\Users\pnu8\Desktop\week3\test1\Debug\Obj\stm32f10x_rcc.o
#        C:\Users\pnu8\Desktop\week3\test1\Debug\Obj\stm32f10x_rtc.o
#        C:\Users\pnu8\Desktop\week3\test1\Debug\Obj\stm32f10x_sdio.o
#        C:\Users\pnu8\Desktop\week3\test1\Debug\Obj\stm32f10x_spi.o
#        C:\Users\pnu8\Desktop\week3\test1\Debug\Obj\stm32f10x_tim.o
#        C:\Users\pnu8\Desktop\week3\test1\Debug\Obj\stm32f10x_usart.o
#        C:\Users\pnu8\Desktop\week3\test1\Debug\Obj\stm32f10x_wwdg.o
#        C:\Users\pnu8\Desktop\week3\test1\Debug\Obj\system_stm32f10x.o -o
#        C:\Users\pnu8\Desktop\week3\test1\Debug\Exe\test1.out --map
#        C:\Users\pnu8\Desktop\week3\test1\Debug\List\test1.map --log
#        libraries,initialization,modules,redirects,sections,veneers,unused_fragments,call_graph
#        --log_file C:\Users\pnu8\Desktop\week3\test1\Debug\List\test1.log
#        --config "C:\Program Files (x86)\IAR Systems\Embedded Workbench
#        8.0\arm\config\linker\ST\stm32f107xC.icf" --semihosting --entry
#        __iar_program_start --vfe --text_out locale)
#
###############################################################################

*******************************************************************************
*** RUNTIME MODEL ATTRIBUTES
***

CppFlavor       = *
__SystemLibrary = DLib
__dlib_version  = 6


*******************************************************************************
*** HEAP SELECTION
***

The basic heap was selected because no calls to memory allocation
functions were found in the application outside of system library
functions, and there are calls to deallocation functions in the
application.


*******************************************************************************
*** PLACEMENT SUMMARY
***

"A0":  place at 0x08000000 { ro section .intvec };
"P1":  place in [from 0x08000000 to 0x0803ffff] { ro };
define block CSTACK with size = 4K, alignment = 8 { };
define block HEAP with size = 4K, alignment = 8 { };
"P2":  place in [from 0x20000000 to 0x2000ffff] {
          rw, block CSTACK, block HEAP };
initialize by copy { rw };

  Section            Kind        Address    Size  Object
  -------            ----        -------    ----  ------
"A0":                                      0x150
  .intvec            ro code  0x08000000   0x150  startup_stm32f10x_cl.o [1]
                            - 0x08000150   0x150

"P1":                                      0xd58
  .text              ro code  0x08000150   0x394  main.o [1]
  .text              ro code  0x080004e4   0x144  stm32f10x_rcc.o [1]
  .text              ro code  0x08000628   0x140  stm32f10x_gpio.o [1]
  .text              ro code  0x08000768    0xc0  stm32f10x_exti.o [1]
  .text              ro code  0x08000828   0x1a4  stm32f10x_usart.o [1]
  .text              ro code  0x080009cc    0x80  misc.o [1]
  .text              ro code  0x08000a4c   0x1a4  system_stm32f10x.o [1]
  .text              ro code  0x08000bf0    0x86  ABImemcpy.o [4]
  .text              ro code  0x08000c76    0x2c  copy_init3.o [4]
  .text              ro code  0x08000ca4    0x28  data_init.o [4]
  Initializer bytes  const    0x08000ccc    0x28  <for P2-1>
  .iar.init_table    const    0x08000cf4    0x14  - Linker created -
  .text              ro code  0x08000d08    0x1e  cmain.o [4]
  .text              ro code  0x08000d26     0x4  low_level_init.o [3]
  .text              ro code  0x08000d2a     0x4  exit.o [3]
  .text              ro code  0x08000d30     0xa  cexit.o [4]
  .text              ro code  0x08000d3c    0x14  exit.o [5]
  .text              ro code  0x08000d50    0x12  stm32f10x_it.o [1]
  .rodata            const    0x08000d64    0x10  main.o [1]
  .text              ro code  0x08000d74    0x10  startup_stm32f10x_cl.o [1]
  .text              ro code  0x08000d84     0xc  cstartup_M.o [4]
  .text              ro code  0x08000d90     0x4  startup_stm32f10x_cl.o [1]
  .text              ro code  0x08000d94     0x4  startup_stm32f10x_cl.o [1]
  .text              ro code  0x08000d98     0x4  startup_stm32f10x_cl.o [1]
  .text              ro code  0x08000d9c     0x4  startup_stm32f10x_cl.o [1]
  .text              ro code  0x08000da0     0x4  startup_stm32f10x_cl.o [1]
  .text              ro code  0x08000da4     0x4  startup_stm32f10x_cl.o [1]
  .text              ro code  0x08000da8     0x4  startup_stm32f10x_cl.o [1]
  .text              ro code  0x08000dac     0x4  startup_stm32f10x_cl.o [1]
  .text              ro code  0x08000db0     0x4  startup_stm32f10x_cl.o [1]
  .text              ro code  0x08000db4     0x4  startup_stm32f10x_cl.o [1]
  .text              ro code  0x08000db8     0x4  startup_stm32f10x_cl.o [1]
  .text              ro code  0x08000dbc     0x4  startup_stm32f10x_cl.o [1]
  .text              ro code  0x08000dc0     0x4  startup_stm32f10x_cl.o [1]
  .text              ro code  0x08000dc4     0x4  startup_stm32f10x_cl.o [1]
  .text              ro code  0x08000dc8     0x4  startup_stm32f10x_cl.o [1]
  .text              ro code  0x08000dcc     0x4  startup_stm32f10x_cl.o [1]
  .text              ro code  0x08000dd0     0x4  startup_stm32f10x_cl.o [1]
  .text              ro code  0x08000dd4     0x4  startup_stm32f10x_cl.o [1]
  .text              ro code  0x08000dd8     0x4  startup_stm32f10x_cl.o [1]
  .text              ro code  0x08000ddc     0x4  startup_stm32f10x_cl.o [1]
  .text              ro code  0x08000de0     0x4  startup_stm32f10x_cl.o [1]
  .text              ro code  0x08000de4     0x4  startup_stm32f10x_cl.o [1]
  .text              ro code  0x08000de8     0x4  startup_stm32f10x_cl.o [1]
  .text              ro code  0x08000dec     0x4  startup_stm32f10x_cl.o [1]
  .text              ro code  0x08000df0     0x4  startup_stm32f10x_cl.o [1]
  .text              ro code  0x08000df4     0x4  startup_stm32f10x_cl.o [1]
  .text              ro code  0x08000df8     0x4  startup_stm32f10x_cl.o [1]
  .text              ro code  0x08000dfc     0x4  startup_stm32f10x_cl.o [1]
  .text              ro code  0x08000e00     0x4  startup_stm32f10x_cl.o [1]
  .text              ro code  0x08000e04     0x4  startup_stm32f10x_cl.o [1]
  .text              ro code  0x08000e08     0x4  startup_stm32f10x_cl.o [1]
  .text              ro code  0x08000e0c     0x4  startup_stm32f10x_cl.o [1]
  .text              ro code  0x08000e10     0x4  startup_stm32f10x_cl.o [1]
  .text              ro code  0x08000e14     0x4  startup_stm32f10x_cl.o [1]
  .text              ro code  0x08000e18     0x4  startup_stm32f10x_cl.o [1]
  .text              ro code  0x08000e1c     0x4  startup_stm32f10x_cl.o [1]
  .text              ro code  0x08000e20     0x4  startup_stm32f10x_cl.o [1]
  .text              ro code  0x08000e24     0x4  startup_stm32f10x_cl.o [1]
  .text              ro code  0x08000e28     0x4  startup_stm32f10x_cl.o [1]
  .text              ro code  0x08000e2c     0x4  startup_stm32f10x_cl.o [1]
  .text              ro code  0x08000e30     0x4  startup_stm32f10x_cl.o [1]
  .text              ro code  0x08000e34     0x4  startup_stm32f10x_cl.o [1]
  .text              ro code  0x08000e38     0x4  startup_stm32f10x_cl.o [1]
  .text              ro code  0x08000e3c     0x4  startup_stm32f10x_cl.o [1]
  .text              ro code  0x08000e40     0x4  startup_stm32f10x_cl.o [1]
  .text              ro code  0x08000e44     0x4  startup_stm32f10x_cl.o [1]
  .text              ro code  0x08000e48     0x4  startup_stm32f10x_cl.o [1]
  .text              ro code  0x08000e4c     0x4  startup_stm32f10x_cl.o [1]
  .text              ro code  0x08000e50     0x4  startup_stm32f10x_cl.o [1]
  .text              ro code  0x08000e54     0x4  startup_stm32f10x_cl.o [1]
  .text              ro code  0x08000e58     0x4  startup_stm32f10x_cl.o [1]
  .text              ro code  0x08000e5c     0x4  startup_stm32f10x_cl.o [1]
  .text              ro code  0x08000e60     0x4  startup_stm32f10x_cl.o [1]
  .text              ro code  0x08000e64     0x4  startup_stm32f10x_cl.o [1]
  .text              ro code  0x08000e68     0x4  startup_stm32f10x_cl.o [1]
  .text              ro code  0x08000e6c     0x4  startup_stm32f10x_cl.o [1]
  .text              ro code  0x08000e70     0x4  startup_stm32f10x_cl.o [1]
  .text              ro code  0x08000e74     0x4  startup_stm32f10x_cl.o [1]
  .text              ro code  0x08000e78     0x4  startup_stm32f10x_cl.o [1]
  .text              ro code  0x08000e7c     0x4  startup_stm32f10x_cl.o [1]
  .text              ro code  0x08000e80     0x4  startup_stm32f10x_cl.o [1]
  .text              ro code  0x08000e84     0x4  startup_stm32f10x_cl.o [1]
  .text              ro code  0x08000e88     0x4  startup_stm32f10x_cl.o [1]
  .text              ro code  0x08000e8c     0x4  startup_stm32f10x_cl.o [1]
  .text              ro code  0x08000e90     0x4  startup_stm32f10x_cl.o [1]
  .text              ro code  0x08000e94     0x4  startup_stm32f10x_cl.o [1]
  .text              ro code  0x08000e98     0x4  startup_stm32f10x_cl.o [1]
  .text              ro code  0x08000e9c     0x4  startup_stm32f10x_cl.o [1]
  .text              ro code  0x08000ea0     0x4  startup_stm32f10x_cl.o [1]
  .text              ro code  0x08000ea4     0x4  startup_stm32f10x_cl.o [1]
  .rodata            const    0x08000ea8     0x0  copy_init3.o [4]
                            - 0x08000ea8   0xd58

"P2", part 1 of 2:                          0x28
  P2-1                        0x20000000    0x28  <Init block>
    .data            inited   0x20000000     0xc  main.o [1]
    .data            inited   0x2000000c    0x10  stm32f10x_rcc.o [1]
    .data            inited   0x2000001c     0x4  stm32f10x_rcc.o [1]
    .bss             inited   0x20000020     0x4  main.o [1]
    .bss             inited   0x20000024     0x4  main.o [1]
                            - 0x20000028    0x28

"P2", part 2 of 2:                        0x1000
  CSTACK                      0x20000028  0x1000  <Block>
    CSTACK           uninit   0x20000028  0x1000  <Block tail>
                            - 0x20001028  0x1000


*******************************************************************************
*** INIT TABLE
***

          Address     Size
          -------     ----
Copy (__iar_copy_init3)
    1 source range, total size 0x28:
          0x08000ccc  0x28
    1 destination range, total size 0x28:
          0x20000000  0x28



*******************************************************************************
*** MODULE SUMMARY
***

    Module                  ro code  ro data  rw data
    ------                  -------  -------  -------
C:\Users\pnu8\Desktop\week3\test1\Debug\Obj: [1]
    main.o                      916       36       20
    misc.o                      128
    startup_stm32f10x_cl.o      632
    stm32f10x_exti.o            192
    stm32f10x_gpio.o            320
    stm32f10x_it.o               18
    stm32f10x_rcc.o             324       20       20
    stm32f10x_usart.o           420
    system_stm32f10x.o          420
    -------------------------------------------------
    Total:                    3 370       56       40

command line: [2]
    -------------------------------------------------
    Total:

dl7M_tln.a: [3]
    exit.o                        4
    low_level_init.o              4
    -------------------------------------------------
    Total:                        8

rt7M_tl.a: [4]
    ABImemcpy.o                 134
    cexit.o                      10
    cmain.o                      30
    copy_init3.o                 44
    cstartup_M.o                 12
    data_init.o                  40
    -------------------------------------------------
    Total:                      270

shb_l.a: [5]
    exit.o                       20
    -------------------------------------------------
    Total:                       20

    Gaps                          6        2
    Linker created                        20    4 096
-----------------------------------------------------
    Grand Total:              3 674       78    4 136


*******************************************************************************
*** ENTRY LIST
***

Entry                      Address   Size  Type      Object
-----                      -------   ----  ----      ------
.iar.init_table$$Base   0x08000cf4          --   Gb  - Linker created -
.iar.init_table$$Limit  0x08000d08          --   Gb  - Linker created -
?main                   0x08000d09         Code  Gb  cmain.o [4]
ADCPrescTable           0x2000001c    0x4  Data  Lc  stm32f10x_rcc.o [1]
APBAHBPrescTable        0x2000000c   0x10  Data  Lc  stm32f10x_rcc.o [1]
BusFault_Handler        0x08000d57    0x2  Code  Gb  stm32f10x_it.o [1]
CSTACK$$Base            0x20000028          --   Gb  - Linker created -
CSTACK$$Limit           0x20001028          --   Gb  - Linker created -
DebugMon_Handler        0x08000d5d    0x2  Code  Gb  stm32f10x_it.o [1]
Delay                   0x08000409    0xe  Code  Gb  main.o [1]
EXTI15_10_IRQHandler    0x0800037f   0x64  Code  Gb  main.o [1]
EXTI4_IRQHandler        0x080003e3   0x26  Code  Gb  main.o [1]
EXTI_ClearITPendingBit  0x0800080d    0x6  Code  Gb  stm32f10x_exti.o [1]
EXTI_Configure          0x0800021b   0x74  Code  Gb  main.o [1]
EXTI_GetITStatus        0x080007ed   0x20  Code  Gb  stm32f10x_exti.o [1]
EXTI_Init               0x08000769   0x84  Code  Gb  stm32f10x_exti.o [1]
GPIO_Configure          0x080001a5   0x76  Code  Gb  main.o [1]
GPIO_EXTILineConfig     0x0800070d   0x56  Code  Gb  stm32f10x_gpio.o [1]
GPIO_Init               0x08000629   0xc4  Code  Gb  stm32f10x_gpio.o [1]
GPIO_ReadInputDataBit   0x080006ed   0x14  Code  Gb  stm32f10x_gpio.o [1]
GPIO_ResetBits          0x08000707    0x6  Code  Gb  stm32f10x_gpio.o [1]
GPIO_SetBits            0x08000701    0x6  Code  Gb  stm32f10x_gpio.o [1]
HardFault_Handler       0x08000d53    0x2  Code  Gb  stm32f10x_it.o [1]
MemManage_Handler       0x08000d55    0x2  Code  Gb  stm32f10x_it.o [1]
NMI_Handler             0x08000d51    0x2  Code  Gb  stm32f10x_it.o [1]
NVIC_Configure          0x080002d5   0x6c  Code  Gb  main.o [1]
NVIC_Init               0x080009d7   0x60  Code  Gb  misc.o [1]
NVIC_PriorityGroupConfig
                        0x080009cd    0xa  Code  Gb  misc.o [1]
PendSV_Handler          0x08000d5f    0x2  Code  Gb  stm32f10x_it.o [1]
RCC_APB2PeriphClockCmd  0x080005e9   0x20  Code  Gb  stm32f10x_rcc.o [1]
RCC_Configure           0x0800016f   0x36  Code  Gb  main.o [1]
RCC_GetClocksFreq       0x080004e5  0x104  Code  Gb  stm32f10x_rcc.o [1]
Region$$Table$$Base     0x08000cf4          --   Gb  - Linker created -
Region$$Table$$Limit    0x08000d08          --   Gb  - Linker created -
SVC_Handler             0x08000d5b    0x2  Code  Gb  stm32f10x_it.o [1]
SetSysClock             0x08000ab3    0x8  Code  Lc  system_stm32f10x.o [1]
SetSysClockTo72         0x08000abb  0x110  Code  Lc  system_stm32f10x.o [1]
SysTick_Handler         0x08000d61    0x2  Code  Gb  stm32f10x_it.o [1]
SystemInit              0x08000a4d   0x66  Code  Gb  system_stm32f10x.o [1]
USART1_IRQHandler       0x08000341   0x3e  Code  Gb  main.o [1]
USART1_Init             0x0800028f   0x46  Code  Gb  main.o [1]
USART_ClearITPendingBit
                        0x080009b7   0x16  Code  Gb  stm32f10x_usart.o [1]
USART_Cmd               0x080008e5   0x1c  Code  Gb  stm32f10x_usart.o [1]
USART_GetITStatus       0x0800095b   0x5c  Code  Gb  stm32f10x_usart.o [1]
USART_ITConfig          0x08000901   0x4a  Code  Gb  stm32f10x_usart.o [1]
USART_Init              0x08000829   0xb6  Code  Gb  stm32f10x_usart.o [1]
USART_ReceiveData       0x08000953    0x8  Code  Gb  stm32f10x_usart.o [1]
USART_SendData          0x0800094b    0x8  Code  Gb  stm32f10x_usart.o [1]
UsageFault_Handler      0x08000d59    0x2  Code  Gb  stm32f10x_it.o [1]
__NVIC_EnableIRQ        0x08000151   0x1e  Code  Lc  main.o [1]
__aeabi_memcpy4         0x08000bf1         Code  Gb  ABImemcpy.o [4]
__aeabi_memcpy8         0x08000bf1         Code  Gb  ABImemcpy.o [4]
__cmain                 0x08000d09         Code  Gb  cmain.o [4]
__exit                  0x08000d3d   0x14  Code  Gb  exit.o [5]
__iar_copy_init3        0x08000c77   0x2c  Code  Gb  copy_init3.o [4]
__iar_data_init3        0x08000ca5   0x28  Code  Gb  data_init.o [4]
__iar_program_start     0x08000d85         Code  Gb  cstartup_M.o [4]
__iar_systems$$module {Abs}
                        0x00000001         Data  Gb  command line/config [2]
__low_level_init        0x08000d27    0x4  Code  Gb  low_level_init.o [3]
__vector_table          0x08000000         Data  Gb  startup_stm32f10x_cl.o [1]
_call_main              0x08000d15         Code  Gb  cmain.o [4]
_exit                   0x08000d31         Code  Gb  cexit.o [4]
_main                   0x08000d23         Code  Gb  cmain.o [4]
exit                    0x08000d2b    0x4  Code  Gb  exit.o [3]
idx                     0x20000024    0x4  Data  Gb  main.o [1]
main                    0x0800042d   0x8c  Code  Gb  main.o [1]
mode                    0x20000020    0x4  Data  Gb  main.o [1]
msg                     0x20000000    0xc  Data  Gb  main.o [1]
sendDataUART1           0x08000417   0x16  Code  Gb  main.o [1]


[1] = C:\Users\pnu8\Desktop\week3\test1\Debug\Obj
[2] = command line
[3] = dl7M_tln.a
[4] = rt7M_tl.a
[5] = shb_l.a

  3 674 bytes of readonly  code memory
     78 bytes of readonly  data memory
  4 136 bytes of readwrite data memory

Errors: none
Warnings: none
