###############################################################################
#
# IAR ELF Linker V8.22.1.15669/W32 for ARM                23/Dec/2024  09:12:45
# Copyright 2007-2018 IAR Systems AB.
#
#    Output file  =  C:\Users\pnu8\Desktop\test\Debug\Exe\test1.out
#    Map file     =  C:\Users\pnu8\Desktop\test\Debug\List\test1.map
#    Command line =  
#        -f C:\Users\pnu8\AppData\Local\Temp\EWAD0D.tmp
#        (C:\Users\pnu8\Desktop\test\Debug\Obj\lcd.o
#        C:\Users\pnu8\Desktop\test\Debug\Obj\main.o
#        C:\Users\pnu8\Desktop\test\Debug\Obj\misc.o
#        C:\Users\pnu8\Desktop\test\Debug\Obj\startup_stm32f10x_cl.o
#        C:\Users\pnu8\Desktop\test\Debug\Obj\stm32f10x_adc.o
#        C:\Users\pnu8\Desktop\test\Debug\Obj\stm32f10x_bkp.o
#        C:\Users\pnu8\Desktop\test\Debug\Obj\stm32f10x_can.o
#        C:\Users\pnu8\Desktop\test\Debug\Obj\stm32f10x_cec.o
#        C:\Users\pnu8\Desktop\test\Debug\Obj\stm32f10x_crc.o
#        C:\Users\pnu8\Desktop\test\Debug\Obj\stm32f10x_dac.o
#        C:\Users\pnu8\Desktop\test\Debug\Obj\stm32f10x_dbgmcu.o
#        C:\Users\pnu8\Desktop\test\Debug\Obj\stm32f10x_dma.o
#        C:\Users\pnu8\Desktop\test\Debug\Obj\stm32f10x_exti.o
#        C:\Users\pnu8\Desktop\test\Debug\Obj\stm32f10x_flash.o
#        C:\Users\pnu8\Desktop\test\Debug\Obj\stm32f10x_fsmc.o
#        C:\Users\pnu8\Desktop\test\Debug\Obj\stm32f10x_gpio.o
#        C:\Users\pnu8\Desktop\test\Debug\Obj\stm32f10x_i2c.o
#        C:\Users\pnu8\Desktop\test\Debug\Obj\stm32f10x_it.o
#        C:\Users\pnu8\Desktop\test\Debug\Obj\stm32f10x_iwdg.o
#        C:\Users\pnu8\Desktop\test\Debug\Obj\stm32f10x_pwr.o
#        C:\Users\pnu8\Desktop\test\Debug\Obj\stm32f10x_rcc.o
#        C:\Users\pnu8\Desktop\test\Debug\Obj\stm32f10x_rtc.o
#        C:\Users\pnu8\Desktop\test\Debug\Obj\stm32f10x_sdio.o
#        C:\Users\pnu8\Desktop\test\Debug\Obj\stm32f10x_spi.o
#        C:\Users\pnu8\Desktop\test\Debug\Obj\stm32f10x_tim.o
#        C:\Users\pnu8\Desktop\test\Debug\Obj\stm32f10x_usart.o
#        C:\Users\pnu8\Desktop\test\Debug\Obj\stm32f10x_wwdg.o
#        C:\Users\pnu8\Desktop\test\Debug\Obj\system_stm32f10x.o
#        C:\Users\pnu8\Desktop\test\Debug\Obj\touch.o -o
#        C:\Users\pnu8\Desktop\test\Debug\Exe\test1.out --map
#        C:\Users\pnu8\Desktop\test\Debug\List\test1.map --log
#        libraries,initialization,modules,redirects,sections,veneers,unused_fragments,call_graph
#        --log_file C:\Users\pnu8\Desktop\test\Debug\List\test1.log --config
#        "C:\Program Files (x86)\IAR Systems\Embedded Workbench
#        8.0\arm\config\linker\ST\stm32f107xC.icf" --semihosting --entry
#        __iar_program_start --vfe --text_out locale)
#
###############################################################################

*******************************************************************************
*** RUNTIME MODEL ATTRIBUTES
***

CppFlavor       = *
__SystemLibrary = DLib
__dlib_version  = 6


*******************************************************************************
*** HEAP SELECTION
***

The basic heap was selected because no calls to memory allocation
functions were found in the application outside of system library
functions, and there are calls to deallocation functions in the
application.


*******************************************************************************
*** PLACEMENT SUMMARY
***

"A0":  place at 0x08000000 { ro section .intvec };
"P1":  place in [from 0x08000000 to 0x0803ffff] { ro };
define block CSTACK with size = 4K, alignment = 8 { };
define block HEAP with size = 4K, alignment = 8 { };
"P2":  place in [from 0x20000000 to 0x2000ffff] {
          rw, block CSTACK, block HEAP };
initialize by copy { rw };

  Section            Kind        Address    Size  Object
  -------            ----        -------    ----  ------
"A0":                                      0x150
  .intvec            ro code  0x08000000   0x150  startup_stm32f10x_cl.o [1]
                            - 0x08000150   0x150

"P1":                                     0x3834
  .text              ro code  0x08000150   0xda0  main.o [1]
  .text              ro code  0x08000ef0    0x80  misc.o [1]
  .text              ro code  0x08000f70   0x168  stm32f10x_rcc.o [1]
  .text              ro code  0x080010d8   0x1dc  stm32f10x_gpio.o [1]
  .text              ro code  0x080012b4   0x1a4  stm32f10x_usart.o [1]
  .text              ro code  0x08001458   0x1de  stm32f10x_adc.o [1]
  .text              ro code  0x08001636     0xa  xsprout.o [3]
  .text              ro code  0x08001640   0x1c0  stm32f10x_tim.o [1]
  .text              ro code  0x08001800    0xc0  stm32f10x_exti.o [1]
  .text              ro code  0x080018c0    0x4a  strcmp.o [5]
  .text              ro code  0x0800190c    0x40  sprintf.o [3]
  .text              ro code  0x0800194c   0x958  lcd.o [1]
  .text              ro code  0x080022a4   0x142  xprintftiny.o [3]
  .text              ro code  0x080023e8    0x36  strlen.o [5]
  .rodata            const    0x08002420   0x5f0  lcd.o [1]
  .rodata            const    0x08002a10   0x594  lcd.o [1]
  .rodata            const    0x08002fa4   0x474  lcd.o [1]
  .text              ro code  0x08003418   0x1a4  system_stm32f10x.o [1]
  .rodata            const    0x080035bc    0x48  main.o [1]
  .text              ro code  0x08003604    0x40  zero_init3.o [5]
  .rodata            const    0x08003644    0x30  main.o [1]
  .text              ro code  0x08003674    0x2c  copy_init3.o [5]
  .text              ro code  0x080036a0    0x28  data_init.o [5]
  .iar.init_table    const    0x080036c8    0x24  - Linker created -
  .text              ro code  0x080036ec    0x1e  cmain.o [5]
  .text              ro code  0x0800370a     0x4  low_level_init.o [3]
  .text              ro code  0x0800370e     0x4  exit.o [3]
  .text              ro code  0x08003714     0xa  cexit.o [5]
  .text              ro code  0x08003720    0x14  exit.o [6]
  .rodata            const    0x08003734    0x1c  main.o [1]
  .rodata            const    0x08003750    0x1c  main.o [1]
  .rodata            const    0x0800376c    0x18  main.o [1]
  .rodata            const    0x08003784    0x18  main.o [1]
  .rodata            const    0x0800379c    0x14  main.o [1]
  Initializer bytes  const    0x080037b0    0x14  <for P2-1>
  .text              ro code  0x080037c4    0x12  stm32f10x_it.o [1]
  .rodata            const    0x080037d8    0x10  main.o [1]
  .rodata            const    0x080037e8    0x10  main.o [1]
  .rodata            const    0x080037f8    0x10  main.o [1]
  .rodata            const    0x08003808    0x10  main.o [1]
  .text              ro code  0x08003818    0x10  startup_stm32f10x_cl.o [1]
  .text              ro code  0x08003828     0xc  cstartup_M.o [5]
  .rodata            const    0x08003834     0x8  main.o [1]
  .rodata            const    0x0800383c     0x8  main.o [1]
  .rodata            const    0x08003844     0x8  main.o [1]
  .rodata            const    0x0800384c     0x8  main.o [1]
  .rodata            const    0x08003854     0x8  main.o [1]
  .rodata            const    0x0800385c     0x8  main.o [1]
  .rodata            const    0x08003864     0x8  main.o [1]
  .text              ro code  0x0800386c     0x4  startup_stm32f10x_cl.o [1]
  .text              ro code  0x08003870     0x4  startup_stm32f10x_cl.o [1]
  .text              ro code  0x08003874     0x4  startup_stm32f10x_cl.o [1]
  .text              ro code  0x08003878     0x4  startup_stm32f10x_cl.o [1]
  .text              ro code  0x0800387c     0x4  startup_stm32f10x_cl.o [1]
  .text              ro code  0x08003880     0x4  startup_stm32f10x_cl.o [1]
  .text              ro code  0x08003884     0x4  startup_stm32f10x_cl.o [1]
  .text              ro code  0x08003888     0x4  startup_stm32f10x_cl.o [1]
  .text              ro code  0x0800388c     0x4  startup_stm32f10x_cl.o [1]
  .text              ro code  0x08003890     0x4  startup_stm32f10x_cl.o [1]
  .text              ro code  0x08003894     0x4  startup_stm32f10x_cl.o [1]
  .text              ro code  0x08003898     0x4  startup_stm32f10x_cl.o [1]
  .text              ro code  0x0800389c     0x4  startup_stm32f10x_cl.o [1]
  .text              ro code  0x080038a0     0x4  startup_stm32f10x_cl.o [1]
  .text              ro code  0x080038a4     0x4  startup_stm32f10x_cl.o [1]
  .text              ro code  0x080038a8     0x4  startup_stm32f10x_cl.o [1]
  .text              ro code  0x080038ac     0x4  startup_stm32f10x_cl.o [1]
  .text              ro code  0x080038b0     0x4  startup_stm32f10x_cl.o [1]
  .text              ro code  0x080038b4     0x4  startup_stm32f10x_cl.o [1]
  .text              ro code  0x080038b8     0x4  startup_stm32f10x_cl.o [1]
  .text              ro code  0x080038bc     0x4  startup_stm32f10x_cl.o [1]
  .text              ro code  0x080038c0     0x4  startup_stm32f10x_cl.o [1]
  .text              ro code  0x080038c4     0x4  startup_stm32f10x_cl.o [1]
  .text              ro code  0x080038c8     0x4  startup_stm32f10x_cl.o [1]
  .text              ro code  0x080038cc     0x4  startup_stm32f10x_cl.o [1]
  .text              ro code  0x080038d0     0x4  startup_stm32f10x_cl.o [1]
  .text              ro code  0x080038d4     0x4  startup_stm32f10x_cl.o [1]
  .text              ro code  0x080038d8     0x4  startup_stm32f10x_cl.o [1]
  .text              ro code  0x080038dc     0x4  startup_stm32f10x_cl.o [1]
  .text              ro code  0x080038e0     0x4  startup_stm32f10x_cl.o [1]
  .text              ro code  0x080038e4     0x4  startup_stm32f10x_cl.o [1]
  .text              ro code  0x080038e8     0x4  startup_stm32f10x_cl.o [1]
  .text              ro code  0x080038ec     0x4  startup_stm32f10x_cl.o [1]
  .text              ro code  0x080038f0     0x4  startup_stm32f10x_cl.o [1]
  .text              ro code  0x080038f4     0x4  startup_stm32f10x_cl.o [1]
  .text              ro code  0x080038f8     0x4  startup_stm32f10x_cl.o [1]
  .text              ro code  0x080038fc     0x4  startup_stm32f10x_cl.o [1]
  .text              ro code  0x08003900     0x4  startup_stm32f10x_cl.o [1]
  .text              ro code  0x08003904     0x4  startup_stm32f10x_cl.o [1]
  .text              ro code  0x08003908     0x4  startup_stm32f10x_cl.o [1]
  .text              ro code  0x0800390c     0x4  startup_stm32f10x_cl.o [1]
  .text              ro code  0x08003910     0x4  startup_stm32f10x_cl.o [1]
  .text              ro code  0x08003914     0x4  startup_stm32f10x_cl.o [1]
  .text              ro code  0x08003918     0x4  startup_stm32f10x_cl.o [1]
  .text              ro code  0x0800391c     0x4  startup_stm32f10x_cl.o [1]
  .text              ro code  0x08003920     0x4  startup_stm32f10x_cl.o [1]
  .text              ro code  0x08003924     0x4  startup_stm32f10x_cl.o [1]
  .text              ro code  0x08003928     0x4  startup_stm32f10x_cl.o [1]
  .text              ro code  0x0800392c     0x4  startup_stm32f10x_cl.o [1]
  .text              ro code  0x08003930     0x4  startup_stm32f10x_cl.o [1]
  .text              ro code  0x08003934     0x4  startup_stm32f10x_cl.o [1]
  .text              ro code  0x08003938     0x4  startup_stm32f10x_cl.o [1]
  .text              ro code  0x0800393c     0x4  startup_stm32f10x_cl.o [1]
  .text              ro code  0x08003940     0x4  startup_stm32f10x_cl.o [1]
  .text              ro code  0x08003944     0x4  startup_stm32f10x_cl.o [1]
  .text              ro code  0x08003948     0x4  startup_stm32f10x_cl.o [1]
  .text              ro code  0x0800394c     0x4  startup_stm32f10x_cl.o [1]
  .text              ro code  0x08003950     0x4  startup_stm32f10x_cl.o [1]
  .text              ro code  0x08003954     0x4  startup_stm32f10x_cl.o [1]
  .text              ro code  0x08003958     0x4  startup_stm32f10x_cl.o [1]
  .text              ro code  0x0800395c     0x4  startup_stm32f10x_cl.o [1]
  .text              ro code  0x08003960     0x4  startup_stm32f10x_cl.o [1]
  .text              ro code  0x08003964     0x4  startup_stm32f10x_cl.o [1]
  .text              ro code  0x08003968     0x4  startup_stm32f10x_cl.o [1]
  .text              ro code  0x0800396c     0x4  startup_stm32f10x_cl.o [1]
  .text              ro code  0x08003970     0x4  startup_stm32f10x_cl.o [1]
  .text              ro code  0x08003974     0x4  startup_stm32f10x_cl.o [1]
  .text              ro code  0x08003978     0x4  startup_stm32f10x_cl.o [1]
  .text              ro code  0x0800397c     0x4  startup_stm32f10x_cl.o [1]
  .text              ro code  0x08003980     0x4  startup_stm32f10x_cl.o [1]
  .rodata            const    0x08003984     0x0  zero_init3.o [5]
  .rodata            const    0x08003984     0x0  copy_init3.o [5]
                            - 0x08003984  0x3834

"P2", part 1 of 3:                          0x14
  P2-1                        0x20000000    0x14  <Init block>
    .data            inited   0x20000000    0x10  stm32f10x_rcc.o [1]
    .data            inited   0x20000010     0x4  stm32f10x_rcc.o [1]
                            - 0x20000014    0x14

"P2", part 2 of 3:                         0x2d0
  .bss               zero     0x20000014    0xcc  main.o [1]
  .bss               zero     0x200000e0    0xcc  main.o [1]
  .bss               zero     0x200001ac    0xcc  main.o [1]
  .bss               zero     0x20000278    0x14  main.o [1]
  .bss               zero     0x2000028c    0x10  main.o [1]
  .bss               zero     0x2000029c    0x10  main.o [1]
  .bss               zero     0x200002ac     0xc  main.o [1]
  .bss               zero     0x200002b8     0xc  main.o [1]
  .bss               zero     0x200002c4     0x8  main.o [1]
  .bss               zero     0x200002cc     0x8  main.o [1]
  .bss               zero     0x200002d4     0x4  main.o [1]
  .bss               zero     0x200002d8     0x4  main.o [1]
  .bss               zero     0x200002dc     0x4  main.o [1]
  .bss               zero     0x200002e0     0x2  lcd.o [1]
  .bss               zero     0x200002e2     0x1  main.o [1]
                            - 0x200002e3   0x2cf

"P2", part 3 of 3:                        0x1000
  CSTACK                      0x200002e8  0x1000  <Block>
    CSTACK           uninit   0x200002e8  0x1000  <Block tail>
                            - 0x200012e8  0x1000


*******************************************************************************
*** INIT TABLE
***

          Address     Size
          -------     ----
Zero (__iar_zero_init3)
    1 destination range, total size 0x2cf:
          0x20000014  0x2cf

Copy (__iar_copy_init3)
    1 source range, total size 0x14:
          0x080037b0   0x14
    1 destination range, total size 0x14:
          0x20000000   0x14



*******************************************************************************
*** MODULE SUMMARY
***

    Module                  ro code  ro data  rw data
    ------                  -------  -------  -------
C:\Users\pnu8\Desktop\test\Debug\Obj: [1]
    lcd.o                     2 392    4 088        2
    main.o                    3 488      364      717
    misc.o                      128
    startup_stm32f10x_cl.o      632
    stm32f10x_adc.o             478
    stm32f10x_exti.o            192
    stm32f10x_gpio.o            476
    stm32f10x_it.o               18
    stm32f10x_rcc.o             360       20       20
    stm32f10x_tim.o             448
    stm32f10x_usart.o           420
    system_stm32f10x.o          420
    -------------------------------------------------
    Total:                    9 452    4 472      739

command line: [2]
    -------------------------------------------------
    Total:

dl7M_tln.a: [3]
    exit.o                        4
    low_level_init.o              4
    sprintf.o                    64
    xprintftiny.o               322
    xsprout.o                    10
    -------------------------------------------------
    Total:                      404

m7M_tl.a: [4]
    -------------------------------------------------
    Total:

rt7M_tl.a: [5]
    cexit.o                      10
    cmain.o                      30
    copy_init3.o                 44
    cstartup_M.o                 12
    data_init.o                  40
    strcmp.o                     74
    strlen.o                     54
    zero_init3.o                 64
    -------------------------------------------------
    Total:                      328

shb_l.a: [6]
    exit.o                       20
    -------------------------------------------------
    Total:                       20

    Gaps                          8        4
    Linker created                        36    4 096
-----------------------------------------------------
    Grand Total:             10 212    4 512    4 835


*******************************************************************************
*** ENTRY LIST
***

Entry                      Address   Size  Type      Object
-----                      -------   ----  ----      ------
.iar.init_table$$Base   0x080036c8          --   Gb  - Linker created -
.iar.init_table$$Limit  0x080036ec          --   Gb  - Linker created -
?main                   0x080036ed         Code  Gb  cmain.o [5]
ADC1_2_IRQHandler       0x080008d7  0x112  Code  Gb  main.o [1]
ADCPrescTable           0x20000010    0x4  Data  Lc  stm32f10x_rcc.o [1]
ADC_ClearITPendingBit   0x08001629    0xe  Code  Gb  stm32f10x_adc.o [1]
ADC_Cmd                 0x080014a3   0x1a  Code  Gb  stm32f10x_adc.o [1]
ADC_GetCalibrationStatus
                        0x08001501   0x12  Code  Gb  stm32f10x_adc.o [1]
ADC_GetConversionValue  0x080015f3    0x6  Code  Gb  stm32f10x_adc.o [1]
ADC_GetITStatus         0x08001601   0x28  Code  Gb  stm32f10x_adc.o [1]
ADC_GetResetCalibrationStatus
                        0x080014e5   0x12  Code  Gb  stm32f10x_adc.o [1]
ADC_ITConfig            0x080014bd   0x1e  Code  Gb  stm32f10x_adc.o [1]
ADC_Init                0x08001459   0x4a  Code  Gb  stm32f10x_adc.o [1]
ADC_InitStructure       0x20000278   0x14  Data  Gb  main.o [1]
ADC_RegularChannelConfig
                        0x0800152d   0xc6  Code  Gb  stm32f10x_adc.o [1]
ADC_ResetCalibration    0x080014db    0xa  Code  Gb  stm32f10x_adc.o [1]
ADC_SoftwareStartConvCmd
                        0x08001513   0x1a  Code  Gb  stm32f10x_adc.o [1]
ADC_StartCalibration    0x080014f7    0xa  Code  Gb  stm32f10x_adc.o [1]
APBAHBPrescTable        0x20000000   0x10  Data  Lc  stm32f10x_rcc.o [1]
BusFault_Handler        0x080037cb    0x2  Code  Gb  stm32f10x_it.o [1]
CSTACK$$Base            0x200002e8          --   Gb  - Linker created -
CSTACK$$Limit           0x200012e8          --   Gb  - Linker created -
DebugMon_Handler        0x080037d1    0x2  Code  Gb  stm32f10x_it.o [1]
DeviceCode              0x200002e0    0x2  Data  Gb  lcd.o [1]
EXTI1_IRQHandler        0x08000a15   0x72  Code  Gb  main.o [1]
EXTI2_IRQHandler        0x08000a87   0x2e  Code  Gb  main.o [1]
EXTI_ClearITPendingBit  0x080018a5    0x6  Code  Gb  stm32f10x_exti.o [1]
EXTI_GetITStatus        0x08001885   0x20  Code  Gb  stm32f10x_exti.o [1]
EXTI_Init               0x08001801   0x84  Code  Gb  stm32f10x_exti.o [1]
EXTI_InitStructure      0x200002cc    0x8  Data  Gb  main.o [1]
GBHZ_16                 0x08002a10  0x594  Data  Gb  lcd.o [1]
GPIO_EXTILineConfig     0x08001253   0x56  Code  Gb  stm32f10x_gpio.o [1]
GPIO_Init               0x080010d9   0xc4  Code  Gb  stm32f10x_gpio.o [1]
GPIO_InitStructure      0x200002d8    0x4  Data  Gb  main.o [1]
GPIO_PinRemapConfig     0x080011c9   0x8a  Code  Gb  stm32f10x_gpio.o [1]
GPIO_ReadInputData      0x080011b1    0x6  Code  Gb  stm32f10x_gpio.o [1]
GPIO_ReadInputDataBit   0x0800119d   0x14  Code  Gb  stm32f10x_gpio.o [1]
GPIO_ResetBits          0x080011bd    0x6  Code  Gb  stm32f10x_gpio.o [1]
GPIO_SetBits            0x080011b7    0x6  Code  Gb  stm32f10x_gpio.o [1]
GPIO_Write              0x080011c3    0x6  Code  Gb  stm32f10x_gpio.o [1]
HardFault_Handler       0x080037c7    0x2  Code  Gb  stm32f10x_it.o [1]
LCD_Clear               0x08001e9d   0x28  Code  Gb  lcd.o [1]
LCD_Configuration       0x08001aa1   0x9c  Code  Lc  lcd.o [1]
LCD_Delay               0x08001b3d   0x26  Code  Lc  lcd.o [1]
LCD_Init                0x08001b63  0x33a  Code  Gb  lcd.o [1]
LCD_ReadReg             0x080019e9   0x90  Code  Lc  lcd.o [1]
LCD_SetCursor           0x08001ec5   0x3e  Code  Gb  lcd.o [1]
LCD_ShowChar            0x08001f43  0x100  Code  Gb  lcd.o [1]
LCD_ShowCharString      0x08002043   0x58  Code  Gb  lcd.o [1]
LCD_ShowHzString        0x08002223   0x62  Code  Gb  lcd.o [1]
LCD_ShowString          0x0800209b   0x5e  Code  Gb  lcd.o [1]
LCD_WR_DATA             0x0800199b   0x4e  Code  Lc  lcd.o [1]
LCD_WR_REG              0x0800194d   0x4e  Code  Lc  lcd.o [1]
LCD_WindowMax           0x08001f03   0x40  Code  Gb  lcd.o [1]
LCD_WriteRAM            0x08001a97    0xa  Code  Lc  lcd.o [1]
LCD_WriteRAM_Prepare    0x08001a8d    0xa  Code  Lc  lcd.o [1]
LCD_WriteReg            0x08001a79   0x14  Code  Lc  lcd.o [1]
MemManage_Handler       0x080037c9    0x2  Code  Gb  stm32f10x_it.o [1]
NMI_Handler             0x080037c5    0x2  Code  Gb  stm32f10x_it.o [1]
NVIC_Config             0x0800016f  0x120  Code  Gb  main.o [1]
NVIC_Init               0x08000efb   0x60  Code  Gb  misc.o [1]
NVIC_InitStructure      0x200002dc    0x4  Data  Gb  main.o [1]
NVIC_PriorityGroupConfig
                        0x08000ef1    0xa  Code  Gb  misc.o [1]
PendSV_Handler          0x080037d3    0x2  Code  Gb  stm32f10x_it.o [1]
RCC_APB1PeriphClockCmd  0x08001095   0x20  Code  Gb  stm32f10x_rcc.o [1]
RCC_APB2PeriphClockCmd  0x08001075   0x20  Code  Gb  stm32f10x_rcc.o [1]
RCC_GetClocksFreq       0x08000f71  0x104  Code  Gb  stm32f10x_rcc.o [1]
Region$$Table$$Base     0x080036c8          --   Gb  - Linker created -
Region$$Table$$Limit    0x080036ec          --   Gb  - Linker created -
SVC_Handler             0x080037cf    0x2  Code  Gb  stm32f10x_it.o [1]
SetSysClock             0x0800347f    0x8  Code  Lc  system_stm32f10x.o [1]
SetSysClockTo72         0x08003487  0x110  Code  Lc  system_stm32f10x.o [1]
SysTick_Handler         0x080037d5    0x2  Code  Gb  stm32f10x_it.o [1]
SystemInit              0x08003419   0x66  Code  Gb  system_stm32f10x.o [1]
TIM2_IRQHandler         0x080009e9   0x2c  Code  Gb  main.o [1]
TIM_ClearITPendingBit   0x080017cf    0x8  Code  Gb  stm32f10x_tim.o [1]
TIM_Cmd                 0x08001767   0x1c  Code  Gb  stm32f10x_tim.o [1]
TIM_GetITStatus         0x080017ab   0x24  Code  Gb  stm32f10x_tim.o [1]
TIM_ITConfig            0x08001783   0x18  Code  Gb  stm32f10x_tim.o [1]
TIM_InitStructure       0x200002ac    0xc  Data  Gb  main.o [1]
TIM_OC1Init             0x080016d3   0x94  Code  Gb  stm32f10x_tim.o [1]
TIM_OC1PreloadConfig    0x0800179b   0x10  Code  Gb  stm32f10x_tim.o [1]
TIM_OCInitStructure     0x2000028c   0x10  Data  Gb  main.o [1]
TIM_TimeBaseInit        0x08001641   0x92  Code  Gb  stm32f10x_tim.o [1]
TIM_TimeBaseStructure   0x200002b8    0xc  Data  Gb  main.o [1]
USART1_IRQHandler       0x08000833   0x52  Code  Gb  main.o [1]
USART2_IRQHandler       0x08000885   0x52  Code  Gb  main.o [1]
USART_ClearITPendingBit
                        0x08001443   0x16  Code  Gb  stm32f10x_usart.o [1]
USART_Cmd               0x08001371   0x1c  Code  Gb  stm32f10x_usart.o [1]
USART_GetITStatus       0x080013e7   0x5c  Code  Gb  stm32f10x_usart.o [1]
USART_ITConfig          0x0800138d   0x4a  Code  Gb  stm32f10x_usart.o [1]
USART_Init              0x080012b5   0xb6  Code  Gb  stm32f10x_usart.o [1]
USART_InitStructure     0x2000029c   0x10  Data  Gb  main.o [1]
USART_ReceiveData       0x080013df    0x8  Code  Gb  stm32f10x_usart.o [1]
USART_SendData          0x080013d7    0x8  Code  Gb  stm32f10x_usart.o [1]
UsageFault_Handler      0x080037cd    0x2  Code  Gb  stm32f10x_it.o [1]
WriteOneHz              0x08002141   0xe2  Code  Lc  lcd.o [1]
_PrintfTiny             0x080022c1  0x126  Code  Gb  xprintftiny.o [3]
_SProut                 0x08001637    0xa  Code  Gb  xsprout.o [3]
__NVIC_EnableIRQ        0x08000151   0x1e  Code  Lc  main.o [1]
__cmain                 0x080036ed         Code  Gb  cmain.o [5]
__exit                  0x08003721   0x14  Code  Gb  exit.o [6]
__iar_copy_init3        0x08003675   0x2c  Code  Gb  copy_init3.o [5]
__iar_data_init3        0x080036a1   0x28  Code  Gb  data_init.o [5]
__iar_program_start     0x08003829         Code  Gb  cstartup_M.o [5]
__iar_systems$$module {Abs}
                        0x00000001         Data  Gb  command line/config [2]
__iar_zero_init3        0x08003605   0x40  Code  Gb  zero_init3.o [5]
__low_level_init        0x0800370b    0x4  Code  Gb  low_level_init.o [3]
__vector_table          0x08000000         Data  Gb  startup_stm32f10x_cl.o [1]
_call_main              0x080036f9         Code  Gb  cmain.o [5]
_exit                   0x08003715         Code  Gb  cexit.o [5]
_main                   0x08003707         Code  Gb  cmain.o [5]
adc_module_config       0x08000413  0x19c  Code  Gb  main.o [1]
asc2_1206               0x08002fa4  0x474  Data  Gb  lcd.o [1]
asc2_1608               0x08002420  0x5f0  Data  Gb  lcd.o [1]
controlLED              0x08000c0d   0x28  Code  Gb  main.o [1]
controlPump             0x08000c57   0x38  Code  Gb  main.o [1]
controlServo            0x08000bdd   0x30  Code  Gb  main.o [1]
deviceState             0x200002c4    0x8  Data  Gb  main.o [1]
eps32_config            0x08000657   0xca  Code  Gb  main.o [1]
excuteCommand           0x08000af5   0xe8  Code  Gb  main.o [1]
exit                    0x0800370f    0x4  Code  Gb  exit.o [3]
findHzIndex             0x080020f9   0x48  Code  Lc  lcd.o [1]
initialModules          0x08000cf1   0x18  Code  Gb  main.o [1]
jsonBuffer              0x200001ac   0xcc  Data  Gb  main.o [1]
led_config              0x08000803   0x30  Code  Gb  main.o [1]
main                    0x08000d09  0x146  Code  Gb  main.o [1]
myDelay                 0x08000c8f    0xc  Code  Gb  main.o [1]
out                     0x080022a5   0x1c  Code  Lc  xprintftiny.o [3]
pumpState               0x200002e2    0x1  Data  Gb  main.o [1]
pump_config             0x08000721   0xe2  Code  Gb  main.o [1]
readBuffer              0x08000ab5   0x38  Code  Gb  main.o [1]
resetIndex              0x08000aed    0x8  Code  Gb  main.o [1]
sendJsonToUART          0x08000c9b   0x4e  Code  Gb  main.o [1]
sensorState             0x200002d4    0x4  Data  Gb  main.o [1]
servo_config            0x080005af   0xa8  Code  Gb  main.o [1]
sprintf                 0x0800190d   0x40  Code  Gb  sprintf.o [3]
strcmp                  0x080018c1         Code  Gb  strcmp.o [5]
strlen                  0x080023e9         Code  Gb  strlen.o [5]
usart1Buffer            0x20000014   0xcc  Data  Gb  main.o [1]
usart1_config           0x0800028f   0xc0  Code  Gb  main.o [1]
usart2Buffer            0x200000e0   0xcc  Data  Gb  main.o [1]
usart2_config           0x0800034f   0xc4  Code  Gb  main.o [1]
water                   0x08000c35   0x22  Code  Gb  main.o [1]


[1] = C:\Users\pnu8\Desktop\test\Debug\Obj
[2] = command line
[3] = dl7M_tln.a
[4] = m7M_tl.a
[5] = rt7M_tl.a
[6] = shb_l.a

  10 212 bytes of readonly  code memory
   4 512 bytes of readonly  data memory
   4 835 bytes of readwrite data memory

Errors: none
Warnings: none
